Component: ARM Compiler 5.05 update 1 (build 106) Tool: armlink [4d0efa]

==============================================================================

Section Cross References

    main.o(.text) refers to system.o(.text) for System_Init
    main.o(.text) refers to main.o(.data) for Remote_time
    main.o(.text) refers to usart2.o(.bss) for RC_Ctl
    main.o(.text) refers to system.o(.data) for SystemMonitor
    stm32f4xx_it.o(.text) refers to stm32f4xx_it.o(.data) for sysTickUptime
    system.o(.text) refers to stm32f4xx_rcc.o(.text) for RCC_GetClocksFreq
    system.o(.text) refers to can1.o(.text) for CAN1_Chassis_Send
    system.o(.text) refers to pwm.o(.text) for friction17_PWM
    system.o(.text) refers to can2.o(.text) for CAN2_Motor_Send
    system.o(.text) refers to gimbal.o(.text) for GIMBAL_InitArgument
    system.o(.text) refers to chassis.o(.text) for Chassis_InitArgument
    system.o(.text) refers to crc.o(.text) for CRC_init
    system.o(.text) refers to weapon.o(.text) for M2006_RecordBombNum_Iint
    system.o(.text) refers to usart2.o(.text) for usart2_Init
    system.o(.text) refers to usart4.o(.text) for UART4_Init
    system.o(.text) refers to usart5.o(.text) for usart5_Init
    system.o(.text) refers to super_cap.o(.text) for SuperCap_ADC_Init
    system.o(.text) refers to led.o(.text) for Led_Init
    system.o(.text) refers to mpu6050.o(.text) for MPU_Init
    system.o(.text) refers to inv_mpu.o(.text) for mpu_dmp_init
    system.o(.text) refers to friction.o(.text) for FRIC_Control
    system.o(.text) refers to stm32f4xx_gpio.o(.text) for GPIO_ReadOutputDataBit
    system.o(.text) refers to vision.o(.text) for Vision_Ctrl
    system.o(.text) refers to system.o(.data) for usTicks
    system.o(.text) refers to stm32f4xx_it.o(.data) for sysTickUptime
    system.o(.text) refers to usart2.o(.bss) for RC_Ctl
    system.o(.text) refers to system_stm32f4xx.o(.data) for SystemCoreClock
    system.o(.text) refers to chassis.o(.bss) for Chassis_PIDterm
    system.o(.text) refers to can1.o(.data) for Gimbal_PIDterm
    system.o(.text) refers to friction.o(.data) for aimFrcSpeed
    system.o(.text) refers to can2.o(.data) for S_PIDTerm
    system.o(.text) refers to weapon.o(.bss) for R_Iterm
    system.o(.text) refers to super_cap.o(.data) for ADC_VOLT
    system.o(.text) refers to temp.o(.data) for Temperature_Value
    system.o(.text) refers to weapon.o(.data) for ContinueTime_flag
    system.o(.text) refers to chassis.o(.data) for Protect_Angle_flag
    can1.o(.text) refers to stm32f4xx_rcc.o(.text) for RCC_AHB1PeriphClockCmd
    can1.o(.text) refers to stm32f4xx_gpio.o(.text) for GPIO_Init
    can1.o(.text) refers to misc.o(.text) for NVIC_Init
    can1.o(.text) refers to stm32f4xx_can.o(.text) for CAN_Init
    can1.o(.text) refers to chassis.o(.bss) for Chassis_PIDterm
    can1.o(.text) refers to can1.o(.data) for Gimbal_PIDterm
    can1.o(.text) refers to can1.o(.bss) for Motor_chassis
    can2.o(.text) refers to stm32f4xx_rcc.o(.text) for RCC_AHB1PeriphClockCmd
    can2.o(.text) refers to stm32f4xx_gpio.o(.text) for GPIO_PinAFConfig
    can2.o(.text) refers to misc.o(.text) for NVIC_Init
    can2.o(.text) refers to stm32f4xx_can.o(.text) for CAN_DeInit
    can2.o(.text) refers to can2.o(.data) for S_PIDTerm
    can2.o(.text) refers to can2.o(.bss) for M06_Angle
    crc.o(.text) refers to stm32f4xx_rcc.o(.text) for RCC_AHB1PeriphClockCmd
    crc.o(.text) refers to crc.o(.constdata) for CRC8_TAB
    crc.o(.text) refers to crc.o(.data) for CRC_INIT
    usart2.o(.text) refers to stm32f4xx_rcc.o(.text) for RCC_AHB1PeriphClockCmd
    usart2.o(.text) refers to stm32f4xx_gpio.o(.text) for GPIO_PinAFConfig
    usart2.o(.text) refers to stm32f4xx_usart.o(.text) for USART_DeInit
    usart2.o(.text) refers to misc.o(.text) for NVIC_Init
    usart2.o(.text) refers to stm32f4xx_dma.o(.text) for DMA_DeInit
    usart2.o(.text) refers to system.o(.text) for micros
    usart2.o(.text) refers to usart2.o(.bss) for sbus_rx_buffer
    usart2.o(.text) refers to main.o(.data) for Remote_time
    usart4.o(.text) refers to stm32f4xx_dma.o(.text) for DMA_DeInit
    usart4.o(.text) refers to stm32f4xx_rcc.o(.text) for RCC_AHB1PeriphClockCmd
    usart4.o(.text) refers to stm32f4xx_gpio.o(.text) for GPIO_PinAFConfig
    usart4.o(.text) refers to stm32f4xx_usart.o(.text) for USART_Init
    usart4.o(.text) refers to misc.o(.text) for NVIC_Init
    usart4.o(.text) refers to vision.o(.text) for Vision_Read_Data
    usart4.o(.text) refers to rt_memclr_w.o(.text) for __aeabi_memclr4
    usart4.o(.text) refers to usart4.o(.bss) for xCom4DMAInit
    usart4.o(.text) refers to usart4.o(.data) for Usart4_Clean_IDLE_Flag
    usart5.o(.text) refers to stm32f4xx_rcc.o(.text) for RCC_APB1PeriphClockCmd
    usart5.o(.text) refers to stm32f4xx_gpio.o(.text) for GPIO_PinAFConfig
    usart5.o(.text) refers to stm32f4xx_usart.o(.text) for USART_DeInit
    usart5.o(.text) refers to misc.o(.text) for NVIC_Init
[...]
    DMA2_Stream3_IRQHandler                  0x0800d483   Thumb Code     0  startup_stm32f40xx.o(.text)
    DMA2_Stream4_IRQHandler                  0x0800d483   Thumb Code     0  startup_stm32f40xx.o(.text)
    DMA2_Stream5_IRQHandler                  0x0800d483   Thumb Code     0  startup_stm32f40xx.o(.text)
    DMA2_Stream6_IRQHandler                  0x0800d483   Thumb Code     0  startup_stm32f40xx.o(.text)
    DMA2_Stream7_IRQHandler                  0x0800d483   Thumb Code     0  startup_stm32f40xx.o(.text)
    ETH_IRQHandler                           0x0800d483   Thumb Code     0  startup_stm32f40xx.o(.text)
    ETH_WKUP_IRQHandler                      0x0800d483   Thumb Code     0  startup_stm32f40xx.o(.text)
    EXTI0_IRQHandler                         0x0800d483   Thumb Code     0  startup_stm32f40xx.o(.text)
    EXTI15_10_IRQHandler                     0x0800d483   Thumb Code     0  startup_stm32f40xx.o(.text)
    EXTI1_IRQHandler                         0x0800d483   Thumb Code     0  startup_stm32f40xx.o(.text)
    EXTI2_IRQHandler                         0x0800d483   Thumb Code     0  startup_stm32f40xx.o(.text)
    EXTI3_IRQHandler                         0x0800d483   Thumb Code     0  startup_stm32f40xx.o(.text)
    EXTI4_IRQHandler                         0x0800d483   Thumb Code     0  startup_stm32f40xx.o(.text)
    EXTI9_5_IRQHandler                       0x0800d483   Thumb Code     0  startup_stm32f40xx.o(.text)
    FLASH_IRQHandler                         0x0800d483   Thumb Code     0  startup_stm32f40xx.o(.text)
    FPU_IRQHandler                           0x0800d483   Thumb Code     0  startup_stm32f40xx.o(.text)
    FSMC_IRQHandler                          0x0800d483   Thumb Code     0  startup_stm32f40xx.o(.text)
    HASH_RNG_IRQHandler                      0x0800d483   Thumb Code     0  startup_stm32f40xx.o(.text)
    I2C1_ER_IRQHandler                       0x0800d483   Thumb Code     0  startup_stm32f40xx.o(.text)
    I2C1_EV_IRQHandler                       0x0800d483   Thumb Code     0  startup_stm32f40xx.o(.text)
    I2C2_ER_IRQHandler                       0x0800d483   Thumb Code     0  startup_stm32f40xx.o(.text)
    I2C2_EV_IRQHandler                       0x0800d483   Thumb Code     0  startup_stm32f40xx.o(.text)
    I2C3_ER_IRQHandler                       0x0800d483   Thumb Code     0  startup_stm32f40xx.o(.text)
    I2C3_EV_IRQHandler                       0x0800d483   Thumb Code     0  startup_stm32f40xx.o(.text)
    OTG_FS_IRQHandler                        0x0800d483   Thumb Code     0  startup_stm32f40xx.o(.text)
    OTG_FS_WKUP_IRQHandler                   0x0800d483   Thumb Code     0  startup_stm32f40xx.o(.text)
    OTG_HS_EP1_IN_IRQHandler                 0x0800d483   Thumb Code     0  startup_stm32f40xx.o(.text)
    OTG_HS_EP1_OUT_IRQHandler                0x0800d483   Thumb Code     0  startup_stm32f40xx.o(.text)
    OTG_HS_IRQHandler                        0x0800d483   Thumb Code     0  startup_stm32f40xx.o(.text)
    OTG_HS_WKUP_IRQHandler                   0x0800d483   Thumb Code     0  startup_stm32f40xx.o(.text)
    PVD_IRQHandler                           0x0800d483   Thumb Code     0  startup_stm32f40xx.o(.text)
    RCC_IRQHandler                           0x0800d483   Thumb Code     0  startup_stm32f40xx.o(.text)
    RTC_Alarm_IRQHandler                     0x0800d483   Thumb Code     0  startup_stm32f40xx.o(.text)
    RTC_WKUP_IRQHandler                      0x0800d483   Thumb Code     0  startup_stm32f40xx.o(.text)
    SDIO_IRQHandler                          0x0800d483   Thumb Code     0  startup_stm32f40xx.o(.text)
    SPI1_IRQHandler                          0x0800d483   Thumb Code     0  startup_stm32f40xx.o(.text)
    SPI2_IRQHandler                          0x0800d483   Thumb Code     0  startup_stm32f40xx.o(.text)
    SPI3_IRQHandler                          0x0800d483   Thumb Code     0  startup_stm32f40xx.o(.text)
    TAMP_STAMP_IRQHandler                    0x0800d483   Thumb Code     0  startup_stm32f40xx.o(.text)
    TIM1_BRK_TIM9_IRQHandler                 0x0800d483   Thumb Code     0  startup_stm32f40xx.o(.text)
    TIM1_CC_IRQHandler                       0x0800d483   Thumb Code     0  startup_stm32f40xx.o(.text)
    TIM1_TRG_COM_TIM11_IRQHandler            0x0800d483   Thumb Code     0  startup_stm32f40xx.o(.text)
    TIM1_UP_TIM10_IRQHandler                 0x0800d483   Thumb Code     0  startup_stm32f40xx.o(.text)
    TIM2_IRQHandler                          0x0800d483   Thumb Code     0  startup_stm32f40xx.o(.text)
    TIM3_IRQHandler                          0x0800d483   Thumb Code     0  startup_stm32f40xx.o(.text)
    TIM4_IRQHandler                          0x0800d483   Thumb Code     0  startup_stm32f40xx.o(.text)
    TIM5_IRQHandler                          0x0800d483   Thumb Code     0  startup_stm32f40xx.o(.text)
    TIM6_DAC_IRQHandler                      0x0800d483   Thumb Code     0  startup_stm32f40xx.o(.text)
    TIM7_IRQHandler                          0x0800d483   Thumb Code     0  startup_stm32f40xx.o(.text)
    TIM8_BRK_TIM12_IRQHandler                0x0800d483   Thumb Code     0  startup_stm32f40xx.o(.text)
    TIM8_CC_IRQHandler                       0x0800d483   Thumb Code     0  startup_stm32f40xx.o(.text)
    TIM8_TRG_COM_TIM14_IRQHandler            0x0800d483   Thumb Code     0  startup_stm32f40xx.o(.text)
    TIM8_UP_TIM13_IRQHandler                 0x0800d483   Thumb Code     0  startup_stm32f40xx.o(.text)
    USART1_IRQHandler                        0x0800d483   Thumb Code     0  startup_stm32f40xx.o(.text)
    USART2_IRQHandler                        0x0800d483   Thumb Code     0  startup_stm32f40xx.o(.text)
    USART3_IRQHandler                        0x0800d483   Thumb Code     0  startup_stm32f40xx.o(.text)
    USART6_IRQHandler                        0x0800d483   Thumb Code     0  startup_stm32f40xx.o(.text)
    WWDG_IRQHandler                          0x0800d483   Thumb Code     0  startup_stm32f40xx.o(.text)
    __user_initial_stackheap                 0x0800d485   Thumb Code     0  startup_stm32f40xx.o(.text)
    SystemInit                               0x0800d585   Thumb Code    88  system_stm32f4xx.o(.text)
    SystemCoreClockUpdate                    0x0800d5dd   Thumb Code   174  system_stm32f4xx.o(.text)
    CAN_DeInit                               0x0800d6b9   Thumb Code    50  stm32f4xx_can.o(.text)
    CAN_Init                                 0x0800d6eb   Thumb Code   276  stm32f4xx_can.o(.text)
    CAN_FilterInit                           0x0800d7ff   Thumb Code   258  stm32f4xx_can.o(.text)
    CAN_StructInit                           0x0800d901   Thumb Code    32  stm32f4xx_can.o(.text)
    CAN_SlaveStartBank                       0x0800d921   Thumb Code    48  stm32f4xx_can.o(.text)
    CAN_DBGFreeze                            0x0800d951   Thumb Code    22  stm32f4xx_can.o(.text)
    CAN_TTComModeCmd                         0x0800d967   Thumb Code   118  stm32f4xx_can.o(.text)
    CAN_Transmit                             0x0800d9dd   Thumb Code   304  stm32f4xx_can.o(.text)
    CAN_TransmitStatus                       0x0800db0d   Thumb Code   138  stm32f4xx_can.o(.text)
    CAN_CancelTransmit                       0x0800db97   Thumb Code    48  stm32f4xx_can.o(.text)
    CAN_Receive                              0x0800dbc7   Thumb Code   240  stm32f4xx_can.o(.text)
    CAN_FIFORelease                          0x0800dcb7   Thumb Code    22  stm32f4xx_can.o(.text)
    CAN_MessagePending                       0x0800dccd   Thumb Code    30  stm32f4xx_can.o(.text)
    CAN_OperatingModeRequest                 0x0800dceb   Thumb Code   162  stm32f4xx_can.o(.text)
    CAN_Sleep                                0x0800dd8d   Thumb Code    30  stm32f4xx_can.o(.text)
    CAN_WakeUp                               0x0800ddab   Thumb Code    48  stm32f4xx_can.o(.text)
    CAN_GetLastErrorCode                     0x0800dddb   Thumb Code    12  stm32f4xx_can.o(.text)
    CAN_GetReceiveErrorCounter               0x0800dde7   Thumb Code    10  stm32f4xx_can.o(.text)
    CAN_GetLSBTransmitErrorCounter           0x0800ddf1   Thumb Code    12  stm32f4xx_can.o(.text)
    CAN_ITConfig                             0x0800ddfd   Thumb Code    18  stm32f4xx_can.o(.text)
    CAN_GetFlagStatus                        0x0800de0f   Thumb Code   120  stm32f4xx_can.o(.text)
    CAN_ClearFlag                            0x0800de87   Thumb Code    52  stm32f4xx_can.o(.text)
    CAN_GetITStatus                          0x0800decd   Thumb Code   310  stm32f4xx_can.o(.text)
    CAN_ClearITPendingBit                    0x0800e003   Thumb Code   162  stm32f4xx_can.o(.text)
    DMA_DeInit                               0x0800e0a9   Thumb Code   324  stm32f4xx_dma.o(.text)
    DMA_Init                                 0x0800e1ed   Thumb Code    82  stm32f4xx_dma.o(.text)
    DMA_StructInit                           0x0800e23f   Thumb Code    34  stm32f4xx_dma.o(.text)
    DMA_Cmd                                  0x0800e261   Thumb Code    22  stm32f4xx_dma.o(.text)
    DMA_PeriphIncOffsetSizeConfig            0x0800e277   Thumb Code    22  stm32f4xx_dma.o(.text)
    DMA_FlowControllerConfig                 0x0800e28d   Thumb Code    22  stm32f4xx_dma.o(.text)
    DMA_SetCurrDataCounter                   0x0800e2a3   Thumb Code     4  stm32f4xx_dma.o(.text)
    DMA_GetCurrDataCounter                   0x0800e2a7   Thumb Code     8  stm32f4xx_dma.o(.text)
    DMA_DoubleBufferModeConfig               0x0800e2af   Thumb Code    24  stm32f4xx_dma.o(.text)
    DMA_DoubleBufferModeCmd                  0x0800e2c7   Thumb Code    22  stm32f4xx_dma.o(.text)
    DMA_MemoryTargetConfig                   0x0800e2dd   Thumb Code    10  stm32f4xx_dma.o(.text)
    DMA_GetCurrentMemoryTarget               0x0800e2e7   Thumb Code    20  stm32f4xx_dma.o(.text)
    DMA_GetCmdStatus                         0x0800e2fb   Thumb Code    20  stm32f4xx_dma.o(.text)
    DMA_GetFIFOStatus                        0x0800e30f   Thumb Code    12  stm32f4xx_dma.o(.text)
    DMA_GetFlagStatus                        0x0800e31b   Thumb Code    56  stm32f4xx_dma.o(.text)
    DMA_ClearFlag                            0x0800e353   Thumb Code    40  stm32f4xx_dma.o(.text)
    DMA_ITConfig                             0x0800e37b   Thumb Code    58  stm32f4xx_dma.o(.text)
    DMA_GetITStatus                          0x0800e3b5   Thumb Code    84  stm32f4xx_dma.o(.text)
    DMA_ClearITPendingBit                    0x0800e409   Thumb Code    40  stm32f4xx_dma.o(.text)
    ADC_DeInit                               0x0800e451   Thumb Code    22  stm32f4xx_adc.o(.text)
    ADC_Init                                 0x0800e467   Thumb Code    74  stm32f4xx_adc.o(.text)
    ADC_StructInit                           0x0800e4b1   Thumb Code    20  stm32f4xx_adc.o(.text)
    ADC_CommonInit                           0x0800e4c5   Thumb Code    34  stm32f4xx_adc.o(.text)
    ADC_CommonStructInit                     0x0800e4e7   Thumb Code    12  stm32f4xx_adc.o(.text)
    ADC_Cmd                                  0x0800e4f3   Thumb Code    22  stm32f4xx_adc.o(.text)
    ADC_AnalogWatchdogCmd                    0x0800e509   Thumb Code    16  stm32f4xx_adc.o(.text)
    ADC_AnalogWatchdogThresholdsConfig       0x0800e519   Thumb Code     6  stm32f4xx_adc.o(.text)
    ADC_AnalogWatchdogSingleChannelConfig    0x0800e51f   Thumb Code    16  stm32f4xx_adc.o(.text)
    ADC_TempSensorVrefintCmd                 0x0800e52f   Thumb Code    34  stm32f4xx_adc.o(.text)
    ADC_VBATCmd                              0x0800e551   Thumb Code    34  stm32f4xx_adc.o(.text)
    ADC_RegularChannelConfig                 0x0800e573   Thumb Code   184  stm32f4xx_adc.o(.text)
    ADC_SoftwareStartConv                    0x0800e62b   Thumb Code    10  stm32f4xx_adc.o(.text)
    ADC_GetSoftwareStartConvStatus           0x0800e635   Thumb Code    20  stm32f4xx_adc.o(.text)
    ADC_EOCOnEachRegularChannelCmd           0x0800e649   Thumb Code    22  stm32f4xx_adc.o(.text)
    ADC_ContinuousModeCmd                    0x0800e65f   Thumb Code    22  stm32f4xx_adc.o(.text)
    ADC_DiscModeChannelCountConfig           0x0800e675   Thumb Code    24  stm32f4xx_adc.o(.text)
    ADC_DiscModeCmd                          0x0800e68d   Thumb Code    22  stm32f4xx_adc.o(.text)
    ADC_GetConversionValue                   0x0800e6a3   Thumb Code     8  stm32f4xx_adc.o(.text)
    ADC_GetMultiModeConversionValue          0x0800e6ab   Thumb Code     8  stm32f4xx_adc.o(.text)
    ADC_DMACmd                               0x0800e6b3   Thumb Code    22  stm32f4xx_adc.o(.text)
    ADC_DMARequestAfterLastTransferCmd       0x0800e6c9   Thumb Code    22  stm32f4xx_adc.o(.text)
    ADC_MultiModeDMARequestAfterLastTransferCmd 0x0800e6df   Thumb Code    34  stm32f4xx_adc.o(.text)
    ADC_InjectedChannelConfig                0x0800e701   Thumb Code   130  stm32f4xx_adc.o(.text)
    ADC_InjectedSequencerLengthConfig        0x0800e783   Thumb Code    24  stm32f4xx_adc.o(.text)
    ADC_SetInjectedOffset                    0x0800e79b   Thumb Code    20  stm32f4xx_adc.o(.text)
    ADC_ExternalTrigInjectedConvConfig       0x0800e7af   Thumb Code    16  stm32f4xx_adc.o(.text)
    ADC_ExternalTrigInjectedConvEdgeConfig   0x0800e7bf   Thumb Code    16  stm32f4xx_adc.o(.text)
    ADC_SoftwareStartInjectedConv            0x0800e7cf   Thumb Code    10  stm32f4xx_adc.o(.text)
    ADC_GetSoftwareStartInjectedConvCmdStatus 0x0800e7d9   Thumb Code    20  stm32f4xx_adc.o(.text)
    ADC_AutoInjectedConvCmd                  0x0800e7ed   Thumb Code    22  stm32f4xx_adc.o(.text)
    ADC_InjectedDiscModeCmd                  0x0800e803   Thumb Code    22  stm32f4xx_adc.o(.text)
    ADC_GetInjectedConversionValue           0x0800e819   Thumb Code    28  stm32f4xx_adc.o(.text)
    ADC_ITConfig                             0x0800e835   Thumb Code    56  stm32f4xx_adc.o(.text)
    ADC_GetFlagStatus                        0x0800e86d   Thumb Code    18  stm32f4xx_adc.o(.text)
    ADC_ClearFlag                            0x0800e87f   Thumb Code     6  stm32f4xx_adc.o(.text)
    ADC_GetITStatus                          0x0800e885   Thumb Code    38  stm32f4xx_adc.o(.text)
    ADC_ClearITPendingBit                    0x0800e8ab   Thumb Code    10  stm32f4xx_adc.o(.text)
    DAC_DeInit                               0x0800e8b5   Thumb Code    22  stm32f4xx_dac.o(.text)
    DAC_Init                                 0x0800e8cb   Thumb Code    46  stm32f4xx_dac.o(.text)
    DAC_StructInit                           0x0800e8f9   Thumb Code    12  stm32f4xx_dac.o(.text)
    DAC_Cmd                                  0x0800e905   Thumb Code    34  stm32f4xx_dac.o(.text)
    DAC_SoftwareTriggerCmd                   0x0800e927   Thumb Code    48  stm32f4xx_dac.o(.text)
    DAC_DualSoftwareTriggerCmd               0x0800e957   Thumb Code    38  stm32f4xx_dac.o(.text)
    DAC_WaveGenerationCmd                    0x0800e97d   Thumb Code    36  stm32f4xx_dac.o(.text)
    DAC_SetChannel1Data                      0x0800e9a1   Thumb Code    26  stm32f4xx_dac.o(.text)
    DAC_SetChannel2Data                      0x0800e9bb   Thumb Code    26  stm32f4xx_dac.o(.text)
    DAC_SetDualChannelData                   0x0800e9d5   Thumb Code    32  stm32f4xx_dac.o(.text)
    DAC_GetDataOutputValue                   0x0800e9f5   Thumb Code    32  stm32f4xx_dac.o(.text)
    DAC_DMACmd                               0x0800ea15   Thumb Code    38  stm32f4xx_dac.o(.text)
    DAC_ITConfig                             0x0800ea3b   Thumb Code    36  stm32f4xx_dac.o(.text)
    DAC_GetFlagStatus                        0x0800ea5f   Thumb Code    28  stm32f4xx_dac.o(.text)
    DAC_ClearFlag                            0x0800ea7b   Thumb Code    12  stm32f4xx_dac.o(.text)
    DAC_GetITStatus                          0x0800ea87   Thumb Code    44  stm32f4xx_dac.o(.text)
    DAC_ClearITPendingBit                    0x0800eab3   Thumb Code    12  stm32f4xx_dac.o(.text)
    __use_no_semihosting                     0x0800eac5   Thumb Code     2  use_no_semi_2.o(.text)
    __aeabi_ldivmod                          0x0800eac7   Thumb Code     0  llsdiv.o(.text)
    _ll_sdiv                                 0x0800eac7   Thumb Code    72  llsdiv.o(.text)
    __2printf                                0x0800eb11   Thumb Code    20  noretval__2printf.o(.text)
    _printf_pre_padding                      0x0800eb29   Thumb Code    44  _printf_pad.o(.text)
    _printf_post_padding                     0x0800eb55   Thumb Code    34  _printf_pad.o(.text)
    _printf_int_dec                          0x0800eb79   Thumb Code   104  _printf_dec.o(.text)
    _printf_int_hex                          0x0800ebf1   Thumb Code    84  _printf_hex_int.o(.text)
    _printf_longlong_hex                     0x0800ebf1   Thumb Code     0  _printf_hex_int.o(.text)
    __printf                                 0x0800ec49   Thumb Code   308  __printf_flags_wp.o(.text)
    memcmp                                   0x0800ed81   Thumb Code    88  memcmp.o(.text)
    __aeabi_memcpy                           0x0800edd9   Thumb Code     0  rt_memcpy_v6.o(.text)
    __rt_memcpy                              0x0800edd9   Thumb Code   138  rt_memcpy_v6.o(.text)
    _memcpy_lastbytes                        0x0800ee3f   Thumb Code     0  rt_memcpy_v6.o(.text)
    __aeabi_memset                           0x0800ee63   Thumb Code    16  aeabi_memset.o(.text)
    __aeabi_memclr4                          0x0800ee73   Thumb Code     0  rt_memclr_w.o(.text)
    __aeabi_memclr8                          0x0800ee73   Thumb Code     0  rt_memclr_w.o(.text)
    __rt_memclr_w                            0x0800ee73   Thumb Code    78  rt_memclr_w.o(.text)
    _memset_w                                0x0800ee77   Thumb Code     0  rt_memclr_w.o(.text)
    __use_two_region_memory                  0x0800eec1   Thumb Code     2  heapauxi.o(.text)
    __rt_heap_escrow$2region                 0x0800eec3   Thumb Code     2  heapauxi.o(.text)
    __rt_heap_expand$2region                 0x0800eec5   Thumb Code     2  heapauxi.o(.text)
    __I$use$semihosting                      0x0800eec7   Thumb Code     0  use_no_semi.o(.text)
    __use_no_semihosting_swi                 0x0800eec7   Thumb Code     2  use_no_semi.o(.text)
    __aeabi_uldivmod                         0x0800eec9   Thumb Code     0  lludivv7m.o(.text)
    _ll_udiv                                 0x0800eec9   Thumb Code   238  lludivv7m.o(.text)
    __read_errno                             0x0800efb7   Thumb Code    10  _rserrno.o(.text)
    __set_errno                              0x0800efc1   Thumb Code    12  _rserrno.o(.text)
    _printf_int_common                       0x0800efcd   Thumb Code   178  _printf_intcommon.o(.text)
    _printf_char_file                        0x0800f081   Thumb Code    32  _printf_char_file.o(.text)
    __aeabi_memcpy4                          0x0800f0a5   Thumb Code     0  rt_memcpy_w.o(.text)
    __aeabi_memcpy8                          0x0800f0a5   Thumb Code     0  rt_memcpy_w.o(.text)
    __rt_memcpy_w                            0x0800f0a5   Thumb Code   100  rt_memcpy_w.o(.text)
    _memcpy_lastbytes_aligned                0x0800f0ed   Thumb Code     0  rt_memcpy_w.o(.text)
    __aeabi_memclr                           0x0800f109   Thumb Code     0  rt_memclr.o(.text)
    __rt_memclr                              0x0800f109   Thumb Code    68  rt_memclr.o(.text)
    _memset                                  0x0800f10d   Thumb Code     0  rt_memclr.o(.text)
    __aeabi_errno_addr                       0x0800f14d   Thumb Code     8  rt_errno_addr_intlibspace.o(.text)
    __errno$intlibspace                      0x0800f14d   Thumb Code     0  rt_errno_addr_intlibspace.o(.text)
    __rt_errno_addr$intlibspace              0x0800f14d   Thumb Code     0  rt_errno_addr_intlibspace.o(.text)
    _printf_char_common                      0x0800f15f   Thumb Code    32  _printf_char_common.o(.text)
    ferror                                   0x0800f185   Thumb Code     8  ferror.o(.text)
    __user_libspace                          0x0800f18d   Thumb Code     8  libspace.o(.text)
    __user_perproc_libspace                  0x0800f18d   Thumb Code     0  libspace.o(.text)
    __user_perthread_libspace                0x0800f18d   Thumb Code     0  libspace.o(.text)
    __user_setup_stackheap                   0x0800f195   Thumb Code    74  sys_stackheap_outer.o(.text)
    exit                                     0x0800f1df   Thumb Code    12  exit.o(.text)
    __ARM_fpclassify                         0x0800f1eb   Thumb Code    48  fpclassify.o(i.__ARM_fpclassify)
    __hardfp_asin                            0x0800f221   Thumb Code   770  asin.o(i.__hardfp_asin)
    __hardfp_atan                            0x0800f581   Thumb Code   622  atan.o(i.__hardfp_atan)
    __hardfp_atan2                           0x0800f859   Thumb Code   432  atan2.o(i.__hardfp_atan2)
    __hardfp_cos                             0x0800fa49   Thumb Code   180  cos.o(i.__hardfp_cos)
    __hardfp_fabs                            0x0800fb11   Thumb Code    20  fabs.o(i.__hardfp_fabs)
    __hardfp_sin                             0x0800fb29   Thumb Code   180  sin.o(i.__hardfp_sin)
    __ieee754_rem_pio2                       0x0800fbf1   Thumb Code   938  rred.o(i.__ieee754_rem_pio2)
    __kernel_cos                             0x08010029   Thumb Code   322  cos_i.o(i.__kernel_cos)
    __kernel_poly                            0x08010199   Thumb Code   248  poly.o(i.__kernel_poly)
    __kernel_sin                             0x08010291   Thumb Code   280  sin_i.o(i.__kernel_sin)
    __mathlib_dbl_infnan                     0x080103c1   Thumb Code    20  dunder.o(i.__mathlib_dbl_infnan)
    __mathlib_dbl_infnan2                    0x080103d5   Thumb Code    20  dunder.o(i.__mathlib_dbl_infnan2)
    __mathlib_dbl_invalid                    0x080103e9   Thumb Code    24  dunder.o(i.__mathlib_dbl_invalid)
    __mathlib_dbl_underflow                  0x08010409   Thumb Code    24  dunder.o(i.__mathlib_dbl_underflow)
    _is_digit                                0x08010429   Thumb Code    14  __printf_wp.o(i._is_digit)
    atan                                     0x08010437   Thumb Code    16  atan.o(i.atan)
    fabs                                     0x08010447   Thumb Code    24  fabs.o(i.fabs)
    sqrt                                     0x0801045f   Thumb Code   110  sqrt.o(i.sqrt)
    __aeabi_dneg                             0x080104cd   Thumb Code     0  basic.o(x$fpl$basic)
    _dneg                                    0x080104cd   Thumb Code     6  basic.o(x$fpl$basic)
    __aeabi_fneg                             0x080104d3   Thumb Code     0  basic.o(x$fpl$basic)
    _fneg                                    0x080104d3   Thumb Code     6  basic.o(x$fpl$basic)
    _dabs                                    0x080104d9   Thumb Code     6  basic.o(x$fpl$basic)
    _fabs                                    0x080104df   Thumb Code     6  basic.o(x$fpl$basic)
    __aeabi_d2f                              0x080104e5   Thumb Code     0  d2f.o(x$fpl$d2f)
    _d2f                                     0x080104e5   Thumb Code    98  d2f.o(x$fpl$d2f)
    __aeabi_dadd                             0x08010549   Thumb Code     0  daddsub_clz.o(x$fpl$dadd)
    _dadd                                    0x08010549   Thumb Code   332  daddsub_clz.o(x$fpl$dadd)
    __fpl_dcmp_Inf                           0x08010699   Thumb Code    24  dcmpi.o(x$fpl$dcmpinf)
    __aeabi_ddiv                             0x080106b1   Thumb Code     0  ddiv.o(x$fpl$ddiv)
    _ddiv                                    0x080106b1   Thumb Code   552  ddiv.o(x$fpl$ddiv)
    __aeabi_d2iz                             0x08010961   Thumb Code     0  dfix.o(x$fpl$dfix)
    _dfix                                    0x08010961   Thumb Code    94  dfix.o(x$fpl$dfix)
    __aeabi_d2uiz                            0x080109c1   Thumb Code     0  dfixu.o(x$fpl$dfixu)
    _dfixu                                   0x080109c1   Thumb Code    90  dfixu.o(x$fpl$dfixu)
    __aeabi_i2d                              0x08010a1b   Thumb Code     0  dflt_clz.o(x$fpl$dflt)
    _dflt                                    0x08010a1b   Thumb Code    46  dflt_clz.o(x$fpl$dflt)
    __aeabi_ui2d                             0x08010a49   Thumb Code     0  dflt_clz.o(x$fpl$dfltu)
    _dfltu                                   0x08010a49   Thumb Code    38  dflt_clz.o(x$fpl$dfltu)
    __aeabi_cdcmple                          0x08010a71   Thumb Code     0  dleqf.o(x$fpl$dleqf)
    _dcmple                                  0x08010a71   Thumb Code   120  dleqf.o(x$fpl$dleqf)
    __fpl_dcmple_InfNaN                      0x08010ad3   Thumb Code     0  dleqf.o(x$fpl$dleqf)
    __aeabi_dmul                             0x08010ae9   Thumb Code     0  dmul.o(x$fpl$dmul)
    _dmul                                    0x08010ae9   Thumb Code   332  dmul.o(x$fpl$dmul)
    __fpl_dnaninf                            0x08010c3d   Thumb Code   156  dnaninf.o(x$fpl$dnaninf)
    __fpl_dretinf                            0x08010cd9   Thumb Code    12  dretinf.o(x$fpl$dretinf)
    __aeabi_cdrcmple                         0x08010ce5   Thumb Code     0  drleqf.o(x$fpl$drleqf)
    _drcmple                                 0x08010ce5   Thumb Code   108  drleqf.o(x$fpl$drleqf)
    __aeabi_drsub                            0x08010d51   Thumb Code     0  daddsub_clz.o(x$fpl$drsb)
    _drsb                                    0x08010d51   Thumb Code    22  daddsub_clz.o(x$fpl$drsb)
    _dsqrt                                   0x08010d69   Thumb Code   404  dsqrt_umaal.o(x$fpl$dsqrt)
    __aeabi_dsub                             0x08010f01   Thumb Code     0  daddsub_clz.o(x$fpl$dsub)
    _dsub                                    0x08010f01   Thumb Code   464  daddsub_clz.o(x$fpl$dsub)
    __aeabi_f2d                              0x080110d5   Thumb Code     0  f2d.o(x$fpl$f2d)
    _f2d                                     0x080110d5   Thumb Code    86  f2d.o(x$fpl$f2d)
    __fpl_fnaninf                            0x0801112b   Thumb Code   140  fnaninf.o(x$fpl$fnaninf)
    _fp_init                                 0x080111b7   Thumb Code    10  fpinit.o(x$fpl$fpinit)
    __fplib_config_fpu_vfp                   0x080111bf   Thumb Code     0  fpinit.o(x$fpl$fpinit)
    __fplib_config_pureend_doubles           0x080111bf   Thumb Code     0  fpinit.o(x$fpl$fpinit)
    __fpl_fretinf                            0x080111c1   Thumb Code    10  fretinf.o(x$fpl$fretinf)
    CRC8_INIT                                0x080111ca   Data           1  crc.o(.constdata)
    __I$use$fp                               0x080111ca   Number         0  usenofp.o(x$fpl$usenofp)
    CRC8_TAB                                 0x080111cb   Data         256  crc.o(.constdata)
    wCRC_Table                               0x080112cc   Data         512  crc.o(.constdata)
    reg                                      0x080114cc   Data          27  inv_mpu.o(.constdata)
    hw                                       0x080114e8   Data          12  inv_mpu.o(.constdata)
    test                                     0x080114f4   Data          40  inv_mpu.o(.constdata)
    __mathlib_zero                           0x08012268   Data           8  qnan.o(.constdata)
    Region$$Table$$Base                      0x080123b0   Number         0  anon$$obj.o(Region$$Table)
    Region$$Table$$Limit                     0x080123d0   Number         0  anon$$obj.o(Region$$Table)
    Remote_time                              0x20000000   Data           4  main.o(.data)
    sysTickUptime                            0x20000004   Data           4  stm32f4xx_it.o(.data)
    currentTime                              0x2000000c   Data           4  system.o(.data)
    loopTime_1ms                             0x20000010   Data           4  system.o(.data)
    previousTime                             0x20000014   Data           4  system.o(.data)
    cycleTime                                0x20000018   Data           2  system.o(.data)
    gyrox                                    0x2000001a   Data           2  system.o(.data)
    gyroy                                    0x2000001c   Data           2  system.o(.data)
    gyroz                                    0x2000001e   Data           2  system.o(.data)
    pitch                                    0x20000020   Data           4  system.o(.data)
    roll                                     0x20000024   Data           4  system.o(.data)
    yaw                                      0x20000028   Data           4  system.o(.data)
    yaw_10                                   0x2000002c   Data           4  system.o(.data)
    remoteMode                               0x20000030   Data           1  system.o(.data)
    systemState                              0x20000031   Data           1  system.o(.data)
    SystemMonitor                            0x20000034   Data           4  system.o(.data)
    openAngle                                0x20000038   Data           4  system.o(.data)
    pass_num                                 0x2000003c   Data           4  system.o(.data)
    pass_flag                                0x20000040   Data           1  system.o(.data)
    angleaaaa                                0x20000044   Data           4  system.o(.data)
    io_status                                0x20000048   Data           2  system.o(.data)
    Duoji_yanshiTime                         0x2000004c   Data           4  system.o(.data)
    relay_opentime                           0x20000050   Data           4  system.o(.data)
    xianweitime                              0x20000054   Data           4  system.o(.data)
    Gimbal_PIDterm                           0x20000090   Data           8  can1.o(.data)
    Motor_angel                              0x20000098   Data           4  can1.o(.data)
    Motor_speed                              0x2000009c   Data           4  can1.o(.data)
    Cha_Normal_flag1                         0x200000a0   Data           1  can1.o(.data)
    Cha_Normal_flag2                         0x200000a1   Data           1  can1.o(.data)
    Cha_Normal_flag3                         0x200000a2   Data           1  can1.o(.data)
    Cha_Normal_flag4                         0x200000a3   Data           1  can1.o(.data)
    Gim_Yaw_Normal_flag                      0x200000a4   Data           1  can1.o(.data)
    Gim_Pitch_Normal_flag                    0x200000a5   Data           1  can1.o(.data)
    Cha_Normal_Num1                          0x200000a8   Data           4  can1.o(.data)
    Cha_Normal_Num2                          0x200000ac   Data           4  can1.o(.data)
    Cha_Normal_Num3                          0x200000b0   Data           4  can1.o(.data)
    Cha_Normal_Num4                          0x200000b4   Data           4  can1.o(.data)
    Gim_Yaw_Normal_Num                       0x200000b8   Data           4  can1.o(.data)
    Gim_Pitch_Normal_Num                     0x200000bc   Data           4  can1.o(.data)
    S_PIDTerm                                0x200000c0   Data           8  can2.o(.data)
    M2006_actAngle                           0x200000c8   Data           4  can2.o(.data)
    M2006_actSpeed                           0x200000cc   Data           4  can2.o(.data)
    Motianlun_Roll_flag                      0x200000d0   Data           1  can2.o(.data)
    Motianlun_Roll_Num                       0x200000d4   Data           4  can2.o(.data)
    record_flag                              0x200000d8   Data           1  can2.o(.data)
    CRC_INIT                                 0x200000da   Data           2  crc.o(.data)
    Usart4_Clean_IDLE_Flag                   0x200000dc   Data           4  usart4.o(.data)
    judgementDataLength                      0x200000e0   Data           4  usart5.o(.data)
    FrameLength                              0x200000e4   Data           2  usart5.o(.data)
    kehuHero                                 0x200000e6   Data           2  usart5.o(.data)
    kehuEngineer                             0x200000e8   Data           2  usart5.o(.data)
    kehuInfantry3                            0x200000ea   Data           2  usart5.o(.data)
    kehuInfantry4                            0x200000ec   Data           2  usart5.o(.data)
    kehuInfantry5                            0x200000ee   Data           2  usart5.o(.data)
    kehuPlane                                0x200000f0   Data           2  usart5.o(.data)
    Hero                                     0x200000f2   Data           2  usart5.o(.data)
    Engineer                                 0x200000f4   Data           2  usart5.o(.data)
    Infantry3                                0x200000f6   Data           2  usart5.o(.data)
    Infantry4                                0x200000f8   Data           2  usart5.o(.data)
    Infantry5                                0x200000fa   Data           2  usart5.o(.data)
    Plane                                    0x200000fc   Data           2  usart5.o(.data)
    Sentry                                   0x200000fe   Data           2  usart5.o(.data)
    FrameHeader                              0x20000100   Data           5  usart5.o(.data)
    GameState                                0x20000105   Data           3  usart5.o(.data)
    GameResult                               0x20000108   Data           1  usart5.o(.data)
    GameRobotSurvivors                       0x20000109   Data           2  usart5.o(.data)
    EventData                                0x2000010b   Data           4  usart5.o(.data)
    SupplyProjectileAction                   0x2000010f   Data           3  usart5.o(.data)
    SupplyProjectileBooking                  0x20000112   Data           2  usart5.o(.data)
    BuffMusk                                 0x20000114   Data           1  usart5.o(.data)
    AerialRobotEnergy                        0x20000115   Data           2  usart5.o(.data)
    RobotHurt                                0x20000117   Data           1  usart5.o(.data)
    ShootData                                0x20000118   Data           6  usart5.o(.data)
    Shoot_Data_42_Update                     0x2000011e   Data           1  usart5.o(.data)
    Shoot_Data_17_Update                     0x2000011f   Data           1  usart5.o(.data)
    Shot_42_Num                              0x20000120   Data           4  usart5.o(.data)
    Shot_17_Num                              0x20000124   Data           4  usart5.o(.data)
    current_heat42                           0x20000128   Data           4  usart5.o(.data)
    current_heat17                           0x2000012c   Data           4  usart5.o(.data)
    Chassis_Volt                             0x20000130   Data           4  usart5.o(.data)
    Chassis_Current                          0x20000134   Data           4  usart5.o(.data)
    lostpack                                 0x20000138   Data           4  usart5.o(.data)
    IF_Hurt                                  0x2000013c   Data           1  usart5.o(.data)
    term                                     0x20000140   Data           4  usart5.o(.data)
    debug_data                               0x20000144   Data           2  usart5.o(.data)
    Have_BigBomb_Num                         0x20000148   Data           4  usart5.o(.data)
    Add_BigBomb_Num                          0x2000014c   Data           4  usart5.o(.data)
    AddBomb_flag                             0x20000150   Data           1  usart5.o(.data)
    Chassis_Normal_Flag                      0x20000151   Data           1  usart5.o(.data)
    Gimbal_Normal_Flag                       0x20000152   Data           1  usart5.o(.data)
    Two_Light1_flag                          0x20000153   Data           1  usart5.o(.data)
    Two_Light2_flag                          0x20000154   Data           1  usart5.o(.data)
    record_292_start_time                    0x20000158   Data           4  usart5.o(.data)
    to_send_id                               0x2000015c   Data           2  usart5.o(.data)
    to_send_flag                             0x2000015e   Data           1  usart5.o(.data)
    Color                                    0x20000160   Data           4  usart5.o(.data)
    Vision_Comps_Yaw                         0x20000168   Data           4  vision.o(.data)
    Vision_Comps_Pitch                       0x2000016c   Data           4  vision.o(.data)
    VisionSendHeader                         0x20000170   Data           3  vision.o(.data)
    VisionSendData                           0x20000173   Data           8  vision.o(.data)
    Attack_Color_Choose                      0x2000017b   Data           1  vision.o(.data)
    Vision_Comps_Yaw_Send                    0x2000017c   Data           4  vision.o(.data)
    Vision_Comps_Pitch_Send                  0x20000180   Data           4  vision.o(.data)
    Vision_Get_New_Data                      0x20000184   Data           1  vision.o(.data)
    yaw_raw_js                               0x20000188   Data           4  vision.o(.data)
    yaw_kf_js                                0x2000018c   Data           4  vision.o(.data)
    XiaoBombCenter                           0x20000190   Data           4  vision.o(.data)
    PWM_DEBUG                                0x20000194   Data           2  pwm.o(.data)
    ReturnFilerData                          0x20000198   Data           4  filter.o(.data)
    matrix_value1                            0x2000019c   Data           4  kalman_filter.o(.data)
    matrix_value2                            0x200001a0   Data           4  kalman_filter.o(.data)
    chassis_Follow_flag                      0x200001a4   Data           1  chassis.o(.data)
    modeChassis                              0x200001a5   Data           1  chassis.o(.data)
    Chassis_P                                0x200001a8   Data           4  chassis.o(.data)
    Chassis_I                                0x200001ac   Data           4  chassis.o(.data)
    Chassis_D                                0x200001b0   Data           4  chassis.o(.data)
    speedmax                                 0x200001b4   Data           4  chassis.o(.data)
    Itermmax                                 0x200001b8   Data           4  chassis.o(.data)
    mul                                      0x200001bc   Data           4  chassis.o(.data)
    key_ws_num                               0x200001c0   Data           4  chassis.o(.data)
    key_ad_num                               0x200001c4   Data           4  chassis.o(.data)
    StopSpeedNum                             0x200001c8   Data           4  chassis.o(.data)
    speed_num                                0x200001cc   Data           8  chassis.o(.data)
    CommutationTime                          0x200001d4   Data           4  chassis.o(.data)
    Commutation                              0x200001d8   Data           4  chassis.o(.data)
    Forward_flag                             0x200001dc   Data           1  chassis.o(.data)
    Back_off_flag                            0x200001dd   Data           1  chassis.o(.data)
    speed_dx                                 0x200001e0   Data           4  chassis.o(.data)
    speed_dy                                 0x200001e4   Data           4  chassis.o(.data)
    speed_x                                  0x200001e8   Data           4  chassis.o(.data)
    speed_y                                  0x200001ec   Data           4  chassis.o(.data)
    speed_z                                  0x200001f0   Data           4  chassis.o(.data)
    remainspeedtime                          0x200001f4   Data           4  chassis.o(.data)
    just_a_flag                              0x200001f8   Data           1  chassis.o(.data)
    yunsuflag                                0x200001f9   Data           1  chassis.o(.data)
    Speed_target_all                         0x200001fc   Data           4  chassis.o(.data)
    Last_target_all                          0x20000200   Data           4  chassis.o(.data)
    TotalOut                                 0x20000204   Data           4  chassis.o(.data)
    OutLimit                                 0x20000208   Data           4  chassis.o(.data)
    debug_P                                  0x2000020c   Data           4  chassis.o(.data)
    debug_D                                  0x20000210   Data           4  chassis.o(.data)
    twist_count                              0x20000214   Data           4  chassis.o(.data)
    position_ref                             0x20000218   Data           2  chassis.o(.data)
    Get_Bomb_Speed                           0x2000021c   Data           4  chassis.o(.data)
    YanshiTime                               0x20000220   Data           2  chassis.o(.data)
    yanshiCount                              0x20000222   Data           2  chassis.o(.data)
    Allow_Back_flag                          0x20000224   Data           2  chassis.o(.data)
    Error_Z                                  0x20000228   Data           4  chassis.o(.data)
    Last_Error_Z                             0x2000022c   Data           4  chassis.o(.data)
    Error_ZPterm                             0x20000230   Data           4  chassis.o(.data)
    Error_ZDterm                             0x20000234   Data           4  chassis.o(.data)
    debugXishu                               0x20000238   Data           4  chassis.o(.data)
    MouseSpeed_Kalman                        0x2000023c   Data           4  chassis.o(.data)
    change_F_flag                            0x20000240   Data           1  chassis.o(.data)
    change_B_flag                            0x20000241   Data           1  chassis.o(.data)
    Protect_Angle_flag                       0x20000242   Data           1  chassis.o(.data)
    rotation_center_gimbal                   0x20000244   Data           4  chassis.o(.data)
    RC_FRC42_SPEED                           0x20000260   Data           4  friction.o(.data)
    RC_FRC17_SPEED                           0x20000264   Data           4  friction.o(.data)
    KEY_FRC42_SPEED                          0x20000268   Data           4  friction.o(.data)
    KEY_FRC17_SPEED                          0x2000026c   Data           4  friction.o(.data)
    KEY_FRC17_XIAOBOMB_SPEED                 0x20000270   Data           4  friction.o(.data)
    aimFrcSpeed                              0x20000274   Data           4  friction.o(.data)
    RealFrcSpeed                             0x20000278   Data           4  friction.o(.data)
    Fric17_ON_flag                           0x2000027c   Data           1  friction.o(.data)
    Fric42_ON_flag                           0x2000027d   Data           1  friction.o(.data)
    Fric17_ready                             0x2000027e   Data           1  friction.o(.data)
    Fric42_ready                             0x2000027f   Data           1  friction.o(.data)
    Fric_flag                                0x20000280   Data           4  friction.o(.data)
    FRC42_offset                             0x20000284   Data           4  friction.o(.data)
    FRC17_offset                             0x20000288   Data           4  friction.o(.data)
    Xianwei_Ready_Flag                       0x2000028c   Data           1  friction.o(.data)
    jiangsuflag                              0x2000028d   Data           1  friction.o(.data)
    shengsuflag                              0x2000028e   Data           1  friction.o(.data)
    modeGimbal                               0x20000298   Data           1  gimbal.o(.data)
    actGimbal                                0x20000299   Data           1  gimbal.o(.data)
    Offset_Angle_Yaw                         0x2000029c   Data           4  gimbal.o(.data)
    Offset_Angle_Pitch                       0x200002a0   Data           4  gimbal.o(.data)
    Auto_Error_Yaw                           0x200002a4   Data           8  gimbal.o(.data)
    Auto_Error_Pitch                         0x200002ac   Data           8  gimbal.o(.data)
    Auto_Distance                            0x200002b4   Data           4  gimbal.o(.data)
    Auto_KF_Delay                            0x200002b8   Data           2  gimbal.o(.data)
    yaw_kalman_filter_para                   0x200002bc   Data         180  gimbal.o(.data)
    pitch_kalman_filter_para                 0x20000370   Data         180  gimbal.o(.data)
    Mobility_Prediction_Yaw                  0x20000424   Data           1  gimbal.o(.data)
    Mobi_Pre_Yaw_Fire                        0x20000425   Data           1  gimbal.o(.data)
    mobpre_yaw_left_delay                    0x20000426   Data           2  gimbal.o(.data)
    mobpre_yaw_right_delay                   0x20000428   Data           2  gimbal.o(.data)
    mobpre_yaw_stop_delay                    0x2000042a   Data           2  gimbal.o(.data)
    outP                                     0x2000042c   Data          24  gimbal.o(.data)
    inP                                      0x20000444   Data          24  gimbal.o(.data)
    inI                                      0x2000045c   Data          24  gimbal.o(.data)
    Target                                   0x20000474   Data           8  gimbal.o(.data)
    Mouse_Yaw                                0x2000047c   Data           8  gimbal.o(.data)
    Mouse_PIT                                0x20000484   Data           8  gimbal.o(.data)
    Slow_G_speed_PITCH                       0x2000048c   Data           4  gimbal.o(.data)
    Slow_V_speed_PITCH                       0x20000490   Data           4  gimbal.o(.data)
    Calc_yaw                                 0x20000494   Data           4  gimbal.o(.data)
    Q_TurnAngle                              0x20000498   Data           4  gimbal.o(.data)
    E_TurnAngle                              0x2000049c   Data           4  gimbal.o(.data)
    C_TurnAngle                              0x200004a0   Data           4  gimbal.o(.data)
    TurnLeft                                 0x200004a4   Data           1  gimbal.o(.data)
    TurnRight                                0x200004a5   Data           1  gimbal.o(.data)
    TurnBack                                 0x200004a6   Data           1  gimbal.o(.data)
    sentry_flag                              0x200004a7   Data           1  gimbal.o(.data)
    Base_Yaw_Comp_Gimbal                     0x200004a8   Data           4  gimbal.o(.data)
    Base_Error_Yaw                           0x200004ac   Data           4  gimbal.o(.data)
    yaw_luck_time                            0x200004b0   Data           4  gimbal.o(.data)
    Yaw_Luck_Time                            0x200004b4   Data           4  gimbal.o(.data)
    Base_Yaw_ready_flag                      0x200004b8   Data           1  gimbal.o(.data)
    debug_yaw_sk                             0x200004bc   Data           4  gimbal.o(.data)
    debug_pitch_sk                           0x200004c0   Data           4  gimbal.o(.data)
    Vision_Time                              0x200004c4   Data           8  gimbal.o(.data)
    vision_time_js                           0x200004cc   Data           4  gimbal.o(.data)
    Vision_Angle_Speed_Yaw                   0x200004d0   Data           4  gimbal.o(.data)
    Vision_Angle_Speed_Pitch                 0x200004d4   Data           4  gimbal.o(.data)
    yaw_kf_result                            0x200004d8   Data           4  gimbal.o(.data)
    pitch_kf_result                          0x200004dc   Data           4  gimbal.o(.data)
    error_yaw_k                              0x200004e0   Data           4  gimbal.o(.data)
    error_pitch_k                            0x200004e4   Data           4  gimbal.o(.data)
    debug_auto_yaw_err                       0x200004e8   Data           4  gimbal.o(.data)
    debug_auto_pitch_err                     0x200004ec   Data           4  gimbal.o(.data)
    debug_kf_delay                           0x200004f0   Data           4  gimbal.o(.data)
    debug_kf_yaw_speed                       0x200004f4   Data           4  gimbal.o(.data)
    debug_kf_yaw_speed_h                     0x200004f8   Data           4  gimbal.o(.data)
    debug_kf_yaw_angle                       0x200004fc   Data           4  gimbal.o(.data)
    debug_kf_pitch_speed                     0x20000500   Data           4  gimbal.o(.data)
    debug_kf_pitch_speed_h                   0x20000504   Data           4  gimbal.o(.data)
    debug_kf_pitch_angle                     0x20000508   Data           4  gimbal.o(.data)
    debug_kf_yaw_angcon                      0x2000050c   Data           4  gimbal.o(.data)
    debug_kf_pitch_angcon                    0x20000510   Data           4  gimbal.o(.data)
    debug_yaw_speed                          0x20000514   Data           4  gimbal.o(.data)
    debug_pitch_speed                        0x20000518   Data           4  gimbal.o(.data)
    timeaaa                                  0x2000051c   Data           4  gimbal.o(.data)
    yaw_angle_raw                            0x20000520   Data           4  gimbal.o(.data)
    pitch_angle_raw                          0x20000524   Data           4  gimbal.o(.data)
    yaw_angle_ref                            0x20000528   Data           4  gimbal.o(.data)
    pitch_angle_ref                          0x2000052c   Data           4  gimbal.o(.data)
    speed_threshold                          0x20000530   Data           4  gimbal.o(.data)
    debug_speed                              0x20000534   Data           4  gimbal.o(.data)
    debug_pitch_Pterm                        0x20000538   Data           4  gimbal.o(.data)
    debug_pitch_Iterm                        0x2000053c   Data           4  gimbal.o(.data)
    debug_pitch_PIDterm                      0x20000540   Data           4  gimbal.o(.data)
    realtimePower                            0x20000550   Data           4  super_cap.o(.data)
    realPowerError                           0x20000554   Data           4  super_cap.o(.data)
    realtimePower_P                          0x20000558   Data           4  super_cap.o(.data)
    realtimePower_I                          0x2000055c   Data           4  super_cap.o(.data)
    realtimePower_D                          0x20000560   Data           4  super_cap.o(.data)
    charge_xishu                             0x20000564   Data           4  super_cap.o(.data)
    realtimePterm                            0x20000568   Data           4  super_cap.o(.data)
    realtimeIterm                            0x2000056c   Data           4  super_cap.o(.data)
    realtimeDterm                            0x20000570   Data           4  super_cap.o(.data)
    cap_radio                                0x20000574   Data           4  super_cap.o(.data)
    Chass_Realtime_DAC_SetCurrent            0x20000578   Data           4  super_cap.o(.data)
    ADC_VOLT                                 0x2000057c   Data           4  super_cap.o(.data)
    cap_output_flag                          0x20000580   Data           1  super_cap.o(.data)
    value                                    0x20000584   Data           4  super_cap.o(.data)
    actRevolver                              0x2000058c   Data           1  weapon.o(.data)
    RC_shoot_flag                            0x2000058d   Data           1  weapon.o(.data)
    shoot42_Frequency_flag                   0x2000058e   Data           1  weapon.o(.data)
    shoot17_Frequency_flag                   0x2000058f   Data           1  weapon.o(.data)
    ContinueTime_flag                        0x20000590   Data           1  weapon.o(.data)
    Open_Time                                0x20000594   Data           4  weapon.o(.data)
    continued_Time                           0x20000598   Data           4  weapon.o(.data)
    XianWei_Time                             0x2000059c   Data           4  weapon.o(.data)
    XianWeiContinue_Time                     0x200005a0   Data           4  weapon.o(.data)
    P                                        0x200005a4   Data          16  weapon.o(.data)
    R_Speed                                  0x200005b4   Data           4  weapon.o(.data)
    bigbopan_Num_Init                        0x200005b8   Data           1  weapon.o(.data)
    Yuzhi_TwoBomb_Iint                       0x200005b9   Data           1  weapon.o(.data)
    Bigbopan_stop_Init                       0x200005ba   Data           1  weapon.o(.data)
    bigbopan_flag                            0x200005bc   Data           2  weapon.o(.data)
    Yuzhi_TwoBomb_Count                      0x200005c0   Data           4  weapon.o(.data)
    Shot_Num                                 0x200005c4   Data           4  weapon.o(.data)
    Yuzhi_TwoBomb_flag                       0x200005c8   Data           1  weapon.o(.data)
    Got_BombNum                              0x200005ca   Data           2  weapon.o(.data)
    S_ReversalNum                            0x200005cc   Data           4  weapon.o(.data)
    S_LockNum                                0x200005d0   Data           4  weapon.o(.data)
    shootFrequencyTime42                     0x200005d4   Data           2  weapon.o(.data)
    shootFrequencyTime17                     0x200005d6   Data           2  weapon.o(.data)
    aimSpeed                                 0x200005d8   Data           8  weapon.o(.data)
    S_Pterm                                  0x200005e0   Data           8  weapon.o(.data)
    S_Iterm                                  0x200005e8   Data           8  weapon.o(.data)
    S_Error                                  0x200005f0   Data           8  weapon.o(.data)
    SP                                       0x200005f8   Data           8  weapon.o(.data)
    SI                                       0x20000600   Data           8  weapon.o(.data)
    HEAT_LIMIT_42mm                          0x20000608   Data           4  weapon.o(.data)
    HEAT_LIMIT_17mm                          0x2000060c   Data           4  weapon.o(.data)
    bomb_42_allowNum                         0x20000610   Data           4  weapon.o(.data)
    bomb_17_allowNum                         0x20000614   Data           4  weapon.o(.data)
    SpeedMax_42                              0x20000618   Data           4  weapon.o(.data)
    SpeedMax_17                              0x2000061c   Data           4  weapon.o(.data)
    Record_Heat42                            0x20000620   Data           4  weapon.o(.data)
    Record_Time_42                           0x20000624   Data           4  weapon.o(.data)
    Record_Time_17                           0x20000628   Data           4  weapon.o(.data)
    Bomb_Shoot_42_Num                        0x2000062c   Data           4  weapon.o(.data)
    Bomb_Shoot_17_Num                        0x20000630   Data           4  weapon.o(.data)
    Bomb42_Shoot_Allow                       0x20000634   Data           1  weapon.o(.data)
    Bomb17_Shoot_Allow                       0x20000635   Data           1  weapon.o(.data)
    debug_Ouput                              0x20000638   Data           4  weapon.o(.data)
    Shoot_State                              0x2000063c   Data           2  weapon.o(.data)
    Big_Bomb_Flag                            0x2000063e   Data           1  weapon.o(.data)
    openagle                                 0x20000640   Data           4  weapon.o(.data)
    speed_dubug                              0x20000644   Data           4  weapon.o(.data)
    __stdout                                 0x2000064c   Data           4  usart.o(.data)
    Temperature_Value                        0x20000688   Data           2  temp.o(.data)
    TEMP_Error                               0x2000068c   Data           4  temp.o(.data)
    TEMP_Last_Error                          0x20000690   Data           4  temp.o(.data)
    TEMP_Pterm                               0x20000694   Data           4  temp.o(.data)
    TEMP_Iterm                               0x20000698   Data           4  temp.o(.data)
    TEMP_Dterm                               0x2000069c   Data           4  temp.o(.data)
    TEMP_PIDterm                             0x200006a0   Data           4  temp.o(.data)
    TEMP_P                                   0x200006a4   Data           4  temp.o(.data)
    TEMP_I                                   0x200006a8   Data           4  temp.o(.data)
    TEMP_D                                   0x200006ac   Data           4  temp.o(.data)
    SystemCoreClock                          0x200006c0   Data           4  system_stm32f4xx.o(.data)
    AHBPrescTable                            0x200006c4   Data          16  system_stm32f4xx.o(.data)
    Motor_chassis                            0x200006d4   Data          16  can1.o(.bss)
    M06_Angle                                0x200006e4   Data          44  can2.o(.bss)
    sbus_rx_buffer                           0x20000710   Data          25  usart2.o(.bss)
    RC_Ctl                                   0x2000072a   Data          20  usart2.o(.bss)
    Com4_Vision_Buffer                       0x20000740   Data         100  usart4.o(.bss)
    xCom4DMAInit                             0x200007a4   Data          60  usart4.o(.bss)
    RxBuffer                                 0x200007e0   Data         200  usart5.o(.bss)
    CliendTxBuffer                           0x200008a8   Data         200  usart5.o(.bss)
    TeamMateTxBuffer                         0x20000970   Data         200  usart5.o(.bss)
    GameRobotState                           0x20000a38   Data          15  usart5.o(.bss)
    PowerHeatData                            0x20000a47   Data          14  usart5.o(.bss)
    GameRobotPos                             0x20000a55   Data          16  usart5.o(.bss)
    TeamMateData                             0x20000a65   Data          16  usart5.o(.bss)
    SendClient                               0x20000a75   Data          28  usart5.o(.bss)
    CommuData                                0x20000a91   Data          25  usart5.o(.bss)
    PowerProtect                             0x20000aac   Data          12  usart5.o(.bss)
    VisionRecvData                           0x20000ab8   Data          22  vision.o(.bss)
    vision_send_pack                         0x20000ace   Data          50  vision.o(.bss)
    AverageFilerData                         0x20000b00   Data          60  filter.o(.bss)
    RC_FOLLOW_Error_Kalman                   0x20000b3c   Data          48  chassis.o(.bss)
    KEY_FOLLOW_Error_Kalman                  0x20000b6c   Data          48  chassis.o(.bss)
    Gimbal_SpeedZ_Kalman                     0x20000b9c   Data          48  chassis.o(.bss)
    Cha_Pterm                                0x20000bcc   Data          16  chassis.o(.bss)
    Cha_Iterm                                0x20000bdc   Data          16  chassis.o(.bss)
    Cha_Dterm                                0x20000bec   Data          16  chassis.o(.bss)
    Chassis_PIDterm                          0x20000bfc   Data          16  chassis.o(.bss)
    motor_speed                              0x20000c0c   Data          16  chassis.o(.bss)
    Gimbal_Pitch_Mach_Error_Kalman           0x20000c3c   Data          48  gimbal.o(.bss)
    Gimbal_Pitch_Gyro_Error_Kalman           0x20000c6c   Data          48  gimbal.o(.bss)
    Gimbal_Pitch_Auto_Error_Kalman           0x20000c9c   Data          48  gimbal.o(.bss)
    Gimbal_Yaw_Mach_Error_Kalman             0x20000ccc   Data          48  gimbal.o(.bss)
    Gimbal_Yaw_Gyro_Error_Kalman             0x20000cfc   Data          48  gimbal.o(.bss)
    Gimbal_Yaw_Auto_Error_Kalman             0x20000d2c   Data          48  gimbal.o(.bss)
    Vision_Distance_Kalman                   0x20000d5c   Data          48  gimbal.o(.bss)
    Vision_Yaw_speed_Struct                  0x20000d8c   Data          28  gimbal.o(.bss)
    Vision_Pitch_speed_Struct                0x20000da8   Data          28  gimbal.o(.bss)
    yaw_kalman_filter                        0x20000dc4   Data         108  gimbal.o(.bss)
    pitch_kalman_filter                      0x20000e30   Data         108  gimbal.o(.bss)
    outI                                     0x20000e9c   Data          24  gimbal.o(.bss)
    Gim_Pterm                                0x20000eb4   Data          24  gimbal.o(.bss)
    Gim_Iterm                                0x20000ecc   Data          24  gimbal.o(.bss)
    Gimbal_ErrorSum                          0x20000ee4   Data          24  gimbal.o(.bss)
    Gimbal_ErrorSum_Max                      0x20000efc   Data          24  gimbal.o(.bss)
    AngleError                               0x20000f14   Data          24  gimbal.o(.bss)
    RateError                                0x20000f2c   Data          24  gimbal.o(.bss)
    aimAngle                                 0x20000f44   Data          24  gimbal.o(.bss)
    aimRate                                  0x20000f5c   Data          24  gimbal.o(.bss)
    Critical_Gyro_yaw                        0x20000f74   Data          12  gimbal.o(.bss)
    A_Error                                  0x20000f80   Data          12  weapon.o(.bss)
    A_Pterm                                  0x20000f8c   Data          12  weapon.o(.bss)
    A_Iterm                                  0x20000f98   Data          12  weapon.o(.bss)
    R_Target                                 0x20000fa4   Data          12  weapon.o(.bss)
    R_Error                                  0x20000fb0   Data          12  weapon.o(.bss)
    R_Pterm                                  0x20000fbc   Data          12  weapon.o(.bss)
    R_Iterm                                  0x20000fc8   Data          12  weapon.o(.bss)
    I                                        0x20000fd4   Data          16  weapon.o(.bss)
    Bullet_Speed                             0x20000fe4   Data          16  weapon.o(.bss)
    __libspace_start                         0x20001004   Data          96  libspace.o(.bss)
    __temporary_stack_top$libspace           0x20001064   Data           0  libspace.o(.bss)



==============================================================================

Memory Map of the image

  Image Entry point : 0x08000189

  Load Region LR_IROM1 (Base: 0x08000000, Size: 0x00012aa4, Max: 0x00080000, ABSOLUTE, COMPRESSED[0x00012528])

    Execution Region ER_IROM1 (Base: 0x08000000, Size: 0x000123d0, Max: 0x00080000, ABSOLUTE)

    Base Addr    Size         Type   Attr      Idx    E Section Name        Object

    0x08000000   0x00000188   Data   RO         1336    RESET               startup_stm32f40xx.o
    0x08000188   0x00000008   Code   RO         1633  * !!!main             c_w.l(__main.o)
    0x08000190   0x00000034   Code   RO         1991    !!!scatter          c_w.l(__scatter.o)
    0x080001c4   0x0000005a   Code   RO         1989    !!dczerorl2         c_w.l(__dczerorl2.o)
    0x0800021e   0x00000002   PAD
    0x08000220   0x0000001c   Code   RO         1993    !!handler_zi        c_w.l(__scatter_zi.o)
    0x0800023c   0x00000000   Code   RO         1622    .ARM.Collect$$_printf_percent$$00000000  c_w.l(_printf_percent.o)
    0x0800023c   0x00000006   Code   RO         1621    .ARM.Collect$$_printf_percent$$00000009  c_w.l(_printf_d.o)
    0x08000242   0x00000006   Code   RO         1620    .ARM.Collect$$_printf_percent$$0000000C  c_w.l(_printf_x.o)
    0x08000248   0x00000004   Code   RO         1738    .ARM.Collect$$_printf_percent$$00000017  c_w.l(_printf_percent_end.o)
    0x0800024c   0x00000002   Code   RO         1863    .ARM.Collect$$libinit$$00000000  c_w.l(libinit.o)
    0x0800024e   0x00000004   Code   RO         1870    .ARM.Collect$$libinit$$00000001  c_w.l(libinit2.o)
    0x08000252   0x00000000   Code   RO         1873    .ARM.Collect$$libinit$$00000004  c_w.l(libinit2.o)
    0x08000252   0x00000000   Code   RO         1876    .ARM.Collect$$libinit$$0000000A  c_w.l(libinit2.o)
    0x08000252   0x00000000   Code   RO         1878    .ARM.Collect$$libinit$$0000000C  c_w.l(libinit2.o)
    0x08000252   0x00000000   Code   RO         1880    .ARM.Collect$$libinit$$0000000E  c_w.l(libinit2.o)
    0x08000252   0x00000000   Code   RO         1883    .ARM.Collect$$libinit$$00000011  c_w.l(libinit2.o)
    0x08000252   0x00000000   Code   RO         1885    .ARM.Collect$$libinit$$00000013  c_w.l(libinit2.o)
    0x08000252   0x00000000   Code   RO         1887    .ARM.Collect$$libinit$$00000015  c_w.l(libinit2.o)
    0x08000252   0x00000000   Code   RO         1889    .ARM.Collect$$libinit$$00000017  c_w.l(libinit2.o)
    0x08000252   0x00000000   Code   RO         1891    .ARM.Collect$$libinit$$00000019  c_w.l(libinit2.o)
    0x08000252   0x00000000   Code   RO         1893    .ARM.Collect$$libinit$$0000001B  c_w.l(libinit2.o)
    0x08000252   0x00000000   Code   RO         1895    .ARM.Collect$$libinit$$0000001D  c_w.l(libinit2.o)
    0x08000252   0x00000000   Code   RO         1897    .ARM.Collect$$libinit$$0000001F  c_w.l(libinit2.o)
    0x08000252   0x00000000   Code   RO         1899    .ARM.Collect$$libinit$$00000021  c_w.l(libinit2.o)
    0x08000252   0x00000000   Code   RO         1901    .ARM.Collect$$libinit$$00000023  c_w.l(libinit2.o)
    0x08000252   0x00000000   Code   RO         1903    .ARM.Collect$$libinit$$00000025  c_w.l(libinit2.o)
    0x08000252   0x00000000   Code   RO         1907    .ARM.Collect$$libinit$$0000002C  c_w.l(libinit2.o)
    0x08000252   0x00000000   Code   RO         1909    .ARM.Collect$$libinit$$0000002E  c_w.l(libinit2.o)
    0x08000252   0x00000000   Code   RO         1911    .ARM.Collect$$libinit$$00000030  c_w.l(libinit2.o)
    0x08000252   0x00000000   Code   RO         1913    .ARM.Collect$$libinit$$00000032  c_w.l(libinit2.o)
    0x08000252   0x00000002   Code   RO         1914    .ARM.Collect$$libinit$$00000033  c_w.l(libinit2.o)
    0x08000254   0x00000002   Code   RO         1942    .ARM.Collect$$libshutdown$$00000000  c_w.l(libshutdown.o)
    0x08000256   0x00000000   Code   RO         1957    .ARM.Collect$$libshutdown$$00000003  c_w.l(libshutdown2.o)
    0x08000256   0x00000000   Code   RO         1960    .ARM.Collect$$libshutdown$$00000006  c_w.l(libshutdown2.o)
    0x08000256   0x00000000   Code   RO         1963    .ARM.Collect$$libshutdown$$00000009  c_w.l(libshutdown2.o)
    0x08000256   0x00000000   Code   RO         1965    .ARM.Collect$$libshutdown$$0000000B  c_w.l(libshutdown2.o)
    0x08000256   0x00000000   Code   RO         1968    .ARM.Collect$$libshutdown$$0000000E  c_w.l(libshutdown2.o)
    0x08000256   0x00000002   Code   RO         1969    .ARM.Collect$$libshutdown$$0000000F  c_w.l(libshutdown2.o)
    0x08000258   0x00000000   Code   RO         1729    .ARM.Collect$$rtentry$$00000000  c_w.l(__rtentry.o)
    0x08000258   0x00000000   Code   RO         1816    .ARM.Collect$$rtentry$$00000002  c_w.l(__rtentry2.o)
    0x08000258   0x00000006   Code   RO         1828    .ARM.Collect$$rtentry$$00000004  c_w.l(__rtentry4.o)
    0x0800025e   0x00000000   Code   RO         1818    .ARM.Collect$$rtentry$$00000009  c_w.l(__rtentry2.o)
    0x0800025e   0x00000004   Code   RO         1819    .ARM.Collect$$rtentry$$0000000A  c_w.l(__rtentry2.o)
    0x08000262   0x00000000   Code   RO         1821    .ARM.Collect$$rtentry$$0000000C  c_w.l(__rtentry2.o)
    0x08000262   0x00000008   Code   RO         1822    .ARM.Collect$$rtentry$$0000000D  c_w.l(__rtentry2.o)
    0x0800026a   0x00000002   Code   RO         1864    .ARM.Collect$$rtexit$$00000000  c_w.l(rtexit.o)
    0x0800026c   0x00000000   Code   RO         1916    .ARM.Collect$$rtexit$$00000002  c_w.l(rtexit2.o)
    0x0800026c   0x00000004   Code   RO         1917    .ARM.Collect$$rtexit$$00000003  c_w.l(rtexit2.o)
    0x08000270   0x00000006   Code   RO         1918    .ARM.Collect$$rtexit$$00000004  c_w.l(rtexit2.o)
    0x08000276   0x00000002   PAD
    0x08000278   0x00000058   Code   RO            4    .text               main.o
    0x080002d0   0x00000028   Code   RO          198    .text               stm32f4xx_it.o
    0x080002f8   0x000006f8   Code   RO          228    .text               system.o
    0x080009f0   0x000003f4   Code   RO          273    .text               can1.o
    0x08000de4   0x00000354   Code   RO          305    .text               can2.o
    0x08001138   0x00000120   Code   RO          340    .text               crc.o
    0x08001258   0x000003bc   Code   RO          368    .text               usart2.o
    0x08001614   0x000001b8   Code   RO          407    .text               usart4.o
    0x080017cc   0x00000a4c   Code   RO          438    .text               usart5.o
    0x08002218   0x0000045c   Code   RO          470    .text               vision.o
    0x08002674   0x000002b4   Code   RO          501    .text               pwm.o
    0x08002928   0x00000124   Code   RO          528    .text               filter.o
    0x08002a4c   0x00000258   Code   RO          556    .text               kalman_filter.o
    0x08002ca4   0x000000a0   Code   RO          610    .text               led.o
    0x08002d44   0x00001624   Code   RO          634    .text               chassis.o
    0x08004368   0x00000420   Code   RO          666    .text               friction.o
    0x08004788   0x00002094   Code   RO          696    .text               gimbal.o
    0x0800681c   0x0000060c   Code   RO          727    .text               super_cap.o
    0x08006e28   0x00000ed0   Code   RO          757    .text               weapon.o
    0x08007cf8   0x00000024   Code   RO          789    .text               usart.o
    0x08007d1c   0x00000258   Code   RO          845    .text               myiic.o
    0x08007f74   0x00000384   Code   RO          869    .text               mpu6050.o
    0x080082f8   0x000022cc   Code   RO          893    .text               inv_mpu.o
    0x0800a5c4   0x00000d90   Code   RO          933    .text               inv_mpu_dmp_motion_driver.o
    0x0800b354   0x000000c0   Code   RO          996    .text               arm_mat_add_f32.o
    0x0800b414   0x00000008   Code   RO         1047    .text               arm_mat_init_f32.o
    0x0800b41c   0x00000310   Code   RO         1071    .text               arm_mat_inverse_f32.o
    0x0800b72c   0x00000144   Code   RO         1119    .text               arm_mat_mult_f32.o
    0x0800b870   0x000000c0   Code   RO         1167    .text               arm_mat_sub_f32.o
    0x0800b930   0x00000098   Code   RO         1191    .text               arm_mat_trans_f32.o
    0x0800b9c8   0x000000e0   Code   RO         1215    .text               misc.o
    0x0800baa8   0x00000294   Code   RO         1239    .text               stm32f4xx_gpio.o
    0x0800bd3c   0x00000634   Code   RO         1263    .text               stm32f4xx_rcc.o
    0x0800c370   0x00000ca2   Code   RO         1289    .text               stm32f4xx_tim.o
    0x0800d012   0x00000002   PAD
    0x0800d014   0x00000454   Code   RO         1313    .text               stm32f4xx_usart.o
    0x0800d468   0x00000040   Code   RO         1337    .text               startup_stm32f40xx.o
    0x0800d4a8   0x00000210   Code   RO         1344    .text               system_stm32f4xx.o
    0x0800d6b8   0x000009f0   Code   RO         1374    .text               stm32f4xx_can.o
    0x0800e0a8   0x000003a8   Code   RO         1398    .text               stm32f4xx_dma.o
    0x0800e450   0x00000464   Code   RO         1494    .text               stm32f4xx_adc.o
    0x0800e8b4   0x00000210   Code   RO         1542    .text               stm32f4xx_dac.o
    0x0800eac4   0x00000002   Code   RO         1565    .text               c_w.l(use_no_semi_2.o)
    0x0800eac6   0x00000048   Code   RO         1567    .text               c_w.l(llsdiv.o)
    0x0800eb0e   0x00000002   PAD
    0x0800eb10   0x00000018   Code   RO         1571    .text               c_w.l(noretval__2printf.o)
    0x0800eb28   0x0000004e   Code   RO         1575    .text               c_w.l(_printf_pad.o)
    0x0800eb76   0x00000002   PAD
    0x0800eb78   0x00000078   Code   RO         1577    .text               c_w.l(_printf_dec.o)
    0x0800ebf0   0x00000058   Code   RO         1582    .text               c_w.l(_printf_hex_int.o)
    0x0800ec48   0x00000138   Code   RO         1612    .text               c_w.l(__printf_flags_wp.o)
    0x0800ed80   0x00000058   Code   RO         1623    .text               c_w.l(memcmp.o)
    0x0800edd8   0x0000008a   Code   RO         1625    .text               c_w.l(rt_memcpy_v6.o)
    0x0800ee62   0x00000010   Code   RO         1627    .text               c_w.l(aeabi_memset.o)
    0x0800ee72   0x0000004e   Code   RO         1629    .text               c_w.l(rt_memclr_w.o)
    0x0800eec0   0x00000006   Code   RO         1631    .text               c_w.l(heapauxi.o)
    0x0800eec6   0x00000002   Code   RO         1727    .text               c_w.l(use_no_semi.o)
    0x0800eec8   0x000000ee   Code   RO         1730    .text               c_w.l(lludivv7m.o)
    0x0800efb6   0x00000016   Code   RO         1732    .text               c_w.l(_rserrno.o)
    0x0800efcc   0x000000b2   Code   RO         1734    .text               c_w.l(_printf_intcommon.o)
    0x0800f07e   0x00000002   PAD
    0x0800f080   0x00000024   Code   RO         1736    .text               c_w.l(_printf_char_file.o)
    0x0800f0a4   0x00000064   Code   RO         1739    .text               c_w.l(rt_memcpy_w.o)
    0x0800f108   0x00000044   Code   RO         1741    .text               c_w.l(rt_memclr.o)
    0x0800f14c   0x00000008   Code   RO         1837    .text               c_w.l(rt_errno_addr_intlibspace.o)
    0x0800f154   0x00000030   Code   RO         1839    .text               c_w.l(_printf_char_common.o)
    0x0800f184   0x00000008   Code   RO         1841    .text               c_w.l(ferror.o)
    0x0800f18c   0x00000008   Code   RO         1847    .text               c_w.l(libspace.o)
    0x0800f194   0x0000004a   Code   RO         1850    .text               c_w.l(sys_stackheap_outer.o)
    0x0800f1de   0x0000000c   Code   RO         1856    .text               c_w.l(exit.o)
    0x0800f1ea   0x00000030   Code   RO         1787    i.__ARM_fpclassify  m_wm.l(fpclassify.o)
    0x0800f21a   0x00000006   PAD
    0x0800f220   0x00000360   Code   RO         1671    i.__hardfp_asin     m_wm.l(asin.o)
    0x0800f580   0x000002d8   Code   RO         1756    i.__hardfp_atan     m_wm.l(atan.o)
    0x0800f858   0x000001f0   Code   RO         1685    i.__hardfp_atan2    m_wm.l(atan2.o)
    0x0800fa48   0x000000c8   Code   RO         1697    i.__hardfp_cos      m_wm.l(cos.o)
    0x0800fb10   0x00000014   Code   RO         1709    i.__hardfp_fabs     m_wm.l(fabs.o)
    0x0800fb24   0x00000004   PAD
    0x0800fb28   0x000000c8   Code   RO         1715    i.__hardfp_sin      m_wm.l(sin.o)
    0x0800fbf0   0x00000438   Code   RO         1792    i.__ieee754_rem_pio2  m_wm.l(rred.o)
    0x08010028   0x00000170   Code   RO         1770    i.__kernel_cos      m_wm.l(cos_i.o)
    0x08010198   0x000000f8   Code   RO         1789    i.__kernel_poly     m_wm.l(poly.o)
    0x08010290   0x00000130   Code   RO         1797    i.__kernel_sin      m_wm.l(sin_i.o)
    0x080103c0   0x00000014   Code   RO         1774    i.__mathlib_dbl_infnan  m_wm.l(dunder.o)
    0x080103d4   0x00000014   Code   RO         1775    i.__mathlib_dbl_infnan2  m_wm.l(dunder.o)
    0x080103e8   0x00000020   Code   RO         1776    i.__mathlib_dbl_invalid  m_wm.l(dunder.o)
    0x08010408   0x00000020   Code   RO         1779    i.__mathlib_dbl_underflow  m_wm.l(dunder.o)
    0x08010428   0x0000000e   Code   RO         1610    i._is_digit         c_w.l(__printf_wp.o)
    0x08010436   0x00000010   Code   RO         1758    i.atan              m_wm.l(atan.o)
    0x08010446   0x00000018   Code   RO         1711    i.fabs              m_wm.l(fabs.o)
    0x0801045e   0x0000006e   Code   RO         1805    i.sqrt              m_wm.l(sqrt.o)
    0x080104cc   0x00000018   Code   RO         1743    x$fpl$basic         fz_wm.l(basic.o)
    0x080104e4   0x00000062   Code   RO         1635    x$fpl$d2f           fz_wm.l(d2f.o)
    0x08010546   0x00000002   PAD
    0x08010548   0x00000150   Code   RO         1637    x$fpl$dadd          fz_wm.l(daddsub_clz.o)
    0x08010698   0x00000018   Code   RO         1745    x$fpl$dcmpinf       fz_wm.l(dcmpi.o)
    0x080106b0   0x000002b0   Code   RO         1644    x$fpl$ddiv          fz_wm.l(ddiv.o)
    0x08010960   0x0000005e   Code   RO         1649    x$fpl$dfix          fz_wm.l(dfix.o)
    0x080109be   0x00000002   PAD
    0x080109c0   0x0000005a   Code   RO         1653    x$fpl$dfixu         fz_wm.l(dfixu.o)
    0x08010a1a   0x0000002e   Code   RO         1658    x$fpl$dflt          fz_wm.l(dflt_clz.o)
    0x08010a48   0x00000026   Code   RO         1657    x$fpl$dfltu         fz_wm.l(dflt_clz.o)
    0x08010a6e   0x00000002   PAD
    0x08010a70   0x00000078   Code   RO         1663    x$fpl$dleqf         fz_wm.l(dleqf.o)
    0x08010ae8   0x00000154   Code   RO         1665    x$fpl$dmul          fz_wm.l(dmul.o)
    0x08010c3c   0x0000009c   Code   RO         1747    x$fpl$dnaninf       fz_wm.l(dnaninf.o)
    0x08010cd8   0x0000000c   Code   RO         1749    x$fpl$dretinf       fz_wm.l(dretinf.o)
    0x08010ce4   0x0000006c   Code   RO         1667    x$fpl$drleqf        fz_wm.l(drleqf.o)
    0x08010d50   0x00000016   Code   RO         1638    x$fpl$drsb          fz_wm.l(daddsub_clz.o)
    0x08010d66   0x00000002   PAD
    0x08010d68   0x00000198   Code   RO         1845    x$fpl$dsqrt         fz_wm.l(dsqrt_umaal.o)
    0x08010f00   0x000001d4   Code   RO         1639    x$fpl$dsub          fz_wm.l(daddsub_clz.o)
    0x080110d4   0x00000056   Code   RO         1669    x$fpl$f2d           fz_wm.l(f2d.o)
    0x0801112a   0x0000008c   Code   RO         1751    x$fpl$fnaninf       fz_wm.l(fnaninf.o)
    0x080111b6   0x0000000a   Code   RO         1930    x$fpl$fpinit        fz_wm.l(fpinit.o)
    0x080111c0   0x0000000a   Code   RO         1753    x$fpl$fretinf       fz_wm.l(fretinf.o)
    0x080111ca   0x00000000   Code   RO         1755    x$fpl$usenofp       fz_wm.l(usenofp.o)
    0x080111ca   0x00000302   Data   RO          341    .constdata          crc.o
    0x080114cc   0x00000050   Data   RO          894    .constdata          inv_mpu.o
    0x0801151c   0x00000bf6   Data   RO          935    .constdata          inv_mpu_dmp_motion_driver.o
    0x08012112   0x00000028   Data   RO         1583    .constdata          c_w.l(_printf_hex_int.o)
    0x0801213a   0x00000011   Data   RO         1613    .constdata          c_w.l(__printf_flags_wp.o)
    0x0801214b   0x00000005   PAD
    0x08012150   0x00000050   Data   RO         1674    .constdata          m_wm.l(asin.o)
    0x080121a0   0x00000098   Data   RO         1759    .constdata          m_wm.l(atan.o)
    0x08012238   0x00000030   Data   RO         1771    .constdata          m_wm.l(cos_i.o)
    0x08012268   0x00000008   Data   RO         1791    .constdata          m_wm.l(qnan.o)
    0x08012270   0x000000c8   Data   RO         1794    .constdata          m_wm.l(rred.o)
    0x08012338   0x00000028   Data   RO         1798    .constdata          m_wm.l(sin_i.o)
    0x08012360   0x0000004d   Data   RO          895    .conststring        inv_mpu.o
    0x080123ad   0x00000003   PAD
    0x080123b0   0x00000020   Data   RO         1987    Region$$Table       anon$$obj.o


    Execution Region RW_IRAM1 (Base: 0x20000000, Size: 0x00001668, Max: 0x00020000, ABSOLUTE, COMPRESSED[0x00000158])

    Base Addr    Size         Type   Attr      Idx    E Section Name        Object

    0x20000000   0x00000004   Data   RW            5    .data               main.o
    0x20000004   0x00000004   Data   RW          199    .data               stm32f4xx_it.o
    0x20000008   0x00000088   Data   RW          230    .data               system.o
    0x20000090   0x00000030   Data   RW          275    .data               can1.o
    0x200000c0   0x00000019   Data   RW          307    .data               can2.o
    0x200000d9   0x00000001   PAD
    0x200000da   0x00000002   Data   RW          342    .data               crc.o
    0x200000dc   0x00000004   Data   RW          409    .data               usart4.o
    0x200000e0   0x00000088   Data   RW          440    .data               usart5.o
    0x20000168   0x0000002c   Data   RW          472    .data               vision.o
    0x20000194   0x00000002   Data   RW          502    .data               pwm.o
    0x20000196   0x00000002   PAD
    0x20000198   0x00000004   Data   RW          530    .data               filter.o
    0x2000019c   0x00000008   Data   RW          557    .data               kalman_filter.o
    0x200001a4   0x000000bc   Data   RW          636    .data               chassis.o
    0x20000260   0x00000038   Data   RW          667    .data               friction.o
    0x20000298   0x000002b8   Data   RW          698    .data               gimbal.o
    0x20000550   0x0000003c   Data   RW          728    .data               super_cap.o
    0x2000058c   0x000000bf   Data   RW          759    .data               weapon.o
    0x2000064b   0x00000001   PAD
    0x2000064c   0x00000004   Data   RW          790    .data               usart.o
    0x20000650   0x00000035   Data   RW          896    .data               inv_mpu.o
    0x20000685   0x00000003   PAD
    0x20000688   0x00000028   Data   RW          967    .data               temp.o
    0x200006b0   0x00000010   Data   RW         1264    .data               stm32f4xx_rcc.o
    0x200006c0   0x00000014   Data   RW         1345    .data               system_stm32f4xx.o
    0x200006d4   0x00000010   Zero   RW          274    .bss                can1.o
    0x200006e4   0x0000002c   Zero   RW          306    .bss                can2.o
    0x20000710   0x0000002e   Zero   RW          369    .bss                usart2.o
    0x2000073e   0x00000002   PAD
    0x20000740   0x000000a0   Zero   RW          408    .bss                usart4.o
    0x200007e0   0x000002d8   Zero   RW          439    .bss                usart5.o
    0x20000ab8   0x00000048   Zero   RW          471    .bss                vision.o
    0x20000b00   0x0000003c   Zero   RW          529    .bss                filter.o
    0x20000b3c   0x00000100   Zero   RW          635    .bss                chassis.o
    0x20000c3c   0x00000344   Zero   RW          697    .bss                gimbal.o
    0x20000f80   0x00000074   Zero   RW          758    .bss                weapon.o
    0x20000ff4   0x00000010   Zero   RW          934    .bss                inv_mpu_dmp_motion_driver.o
    0x20001004   0x00000060   Zero   RW         1848    .bss                c_w.l(libspace.o)
    0x20001064   0x00000004   PAD
    0x20001068   0x00000200   Zero   RW         1335    HEAP                startup_stm32f40xx.o
    0x20001268   0x00000400   Zero   RW         1334    STACK               startup_stm32f40xx.o


==============================================================================

Image component sizes


      Code (inc. data)   RO Data    RW Data    ZI Data      Debug   Object Name

       192          0          0          0          0       1350   arm_mat_add_f32.o
         8          0          0          0          0        983   arm_mat_init_f32.o
       784          6          0          0          0       2594   arm_mat_inverse_f32.o
       324          4          0          0          0       1579   arm_mat_mult_f32.o
       192          0          0          0          0       1350   arm_mat_sub_f32.o
       152          0          0          0          0       1256   arm_mat_trans_f32.o
      1012         82          0         48         16       2866   can1.o
       852         40          0         25         44       2907   can2.o
      5668        566          0        188        256       7158   chassis.o
       288         14        770          2          0       3157   crc.o
       292         12          0          4         60       1748   filter.o
      1056         92          0         56          0       2827   friction.o
      8340       1072          0        696        836      13160   gimbal.o
      8908        224        157         53          0      23841   inv_mpu.o
      3472        142       3062          0         16      15167   inv_mpu_dmp_motion_driver.o
       600         10          0          8          0       2938   kalman_filter.o
       160         12          0          0          0        690   led.o
        88         12          0          4          0     334329   main.o
       224         20          0          0          0       1869   misc.o
       900         22          0          0          0       4151   mpu6050.o
       600         12          0          0          0       1904   myiic.o
       692         28          0          2          0       2142   pwm.o
        64         26        392          0       1536        860   startup_stm32f40xx.o
      1124         24          0          0          0      10542   stm32f4xx_adc.o
      2544         38          0          0          0       8024   stm32f4xx_can.o
       528          6          0          0          0       5057   stm32f4xx_dac.o
       936         32          0          0          0       6349   stm32f4xx_dma.o
       660         44          0          0          0       4149   stm32f4xx_gpio.o
        40          4          0          4          0       1882   stm32f4xx_it.o
      1588         52          0         16          0      12802   stm32f4xx_rcc.o
      3234         60          0          0          0      22352   stm32f4xx_tim.o
      1108         34          0          0          0       7848   stm32f4xx_usart.o
      1548        150          0         60          0       3595   super_cap.o
      1784        272          0        136          0      34836   system.o
       528         46          0         20          0       1931   system_stm32f4xx.o
         0          0          0         40          0        586   temp.o
        36          4          0          4          0       2742   usart.o
       956         48          0          0         46      35802   usart2.o
       440         26          0          4        160       2109   usart4.o
      2636        408          0        136        728       9162   usart5.o
      1116        100          0         44         72       5855   vision.o
      3792        450          0        191        116       6556   weapon.o

    ----------------------------------------------------------------------
     59468       4194       4416       1748       3888     613005   Object Totals
         0          0         32          0          0          0   (incl. Generated)
         2          0          3          7          2          0   (incl. Padding)

    ----------------------------------------------------------------------

      Code (inc. data)   RO Data    RW Data    ZI Data      Debug   Library Member Name

        90          0          0          0          0          0   __dczerorl2.o
         8          0          0          0          0         68   __main.o
       312          4         17          0          0         92   __printf_flags_wp.o
        14          0          0          0          0         68   __printf_wp.o
         0          0          0          0          0          0   __rtentry.o
        12          0          0          0          0          0   __rtentry2.o
         6          0          0          0          0          0   __rtentry4.o
        52          8          0          0          0          0   __scatter.o
        28          0          0          0          0          0   __scatter_zi.o
        48          6          0          0          0         96   _printf_char_common.o
        36          4          0          0          0         80   _printf_char_file.o
         6          0          0          0          0          0   _printf_d.o
       120         16          0          0          0         92   _printf_dec.o
        88          4         40          0          0         88   _printf_hex_int.o
       178          0          0          0          0         88   _printf_intcommon.o
        78          0          0          0          0        108   _printf_pad.o
         0          0          0          0          0          0   _printf_percent.o
         4          0          0          0          0          0   _printf_percent_end.o
         6          0          0          0          0          0   _printf_x.o
        22          0          0          0          0        100   _rserrno.o
        16          0          0          0          0         68   aeabi_memset.o
        12          0          0          0          0         72   exit.o
         8          0          0          0          0         68   ferror.o
         6          0          0          0          0        152   heapauxi.o
         2          0          0          0          0          0   libinit.o
         6          0          0          0          0          0   libinit2.o
         2          0          0          0          0          0   libshutdown.o
         2          0          0          0          0          0   libshutdown2.o
         8          4          0          0         96         68   libspace.o
        72          0          0          0          0         76   llsdiv.o
       238          0          0          0          0        100   lludivv7m.o
        88          0          0          0          0         76   memcmp.o
        24          4          0          0          0         84   noretval__2printf.o
         8          4          0          0          0         68   rt_errno_addr_intlibspace.o
        68          0          0          0          0         68   rt_memclr.o
        78          0          0          0          0         80   rt_memclr_w.o
       138          0          0          0          0         68   rt_memcpy_v6.o
       100          0          0          0          0         80   rt_memcpy_w.o
         2          0          0          0          0          0   rtexit.o
        10          0          0          0          0          0   rtexit2.o
        74          0          0          0          0         80   sys_stackheap_outer.o
         2          0          0          0          0         68   use_no_semi.o
         2          0          0          0          0         68   use_no_semi_2.o
        24          0          0          0          0        164   basic.o
        98          4          0          0          0        140   d2f.o
       826         16          0          0          0        492   daddsub_clz.o
        24          0          0          0          0        116   dcmpi.o
       688        140          0          0          0        256   ddiv.o
        94          4          0          0          0        140   dfix.o
        90          4          0          0          0        140   dfixu.o
        84          0          0          0          0        232   dflt_clz.o
       120          4          0          0          0        140   dleqf.o
       340         12          0          0          0        152   dmul.o
       156          4          0          0          0        140   dnaninf.o
        12          0          0          0          0        116   dretinf.o
       108          0          0          0          0        128   drleqf.o
       408         56          0          0          0        168   dsqrt_umaal.o
        86          4          0          0          0        132   f2d.o
       140          4          0          0          0        132   fnaninf.o
        10          0          0          0          0        116   fpinit.o
        10          0          0          0          0        116   fretinf.o
         0          0          0          0          0          0   usenofp.o
       864         94         80          0          0        280   asin.o
       744        106        152          0          0        352   atan.o
       496         64          0          0          0        192   atan2.o
       200         20          0          0          0        164   cos.o
       368         46         48          0          0        200   cos_i.o
       104         16          0          0          0        496   dunder.o
        44          0          0          0          0        248   fabs.o
        48          0          0          0          0        124   fpclassify.o
       248          0          0          0          0        152   poly.o
         0          0          8          0          0          0   qnan.o
      1080        142        200          0          0        188   rred.o
       200         20          0          0          0        164   sin.o
       304         24         40          0          0        208   sin_i.o
       110          0          0          0          0        148   sqrt.o

    ----------------------------------------------------------------------
     10230        838        590          0        100       8160   Library Totals
        28          0          5          0          4          0   (incl. Padding)

    ----------------------------------------------------------------------

      Code (inc. data)   RO Data    RW Data    ZI Data      Debug   Library Name

      2074         54         57          0         96       2224   c_w.l
      3318        252          0          0          0       3020   fz_wm.l
      4810        532        528          0          0       2916   m_wm.l

    ----------------------------------------------------------------------
     10230        838        590          0        100       8160   Library Totals

    ----------------------------------------------------------------------

==============================================================================


      Code (inc. data)   RO Data    RW Data    ZI Data      Debug   

     69698       5032       5006       1748       3988     607569   Grand Totals
     69698       5032       5006        344       3988     607569   ELF Image Totals (compressed)
     69698       5032       5006        344          0          0   ROM Totals

==============================================================================

    Total RO  Size (Code + RO Data)                74704 (  72.95kB)
    Total RW  Size (RW Data + ZI Data)              5736 (   5.60kB)
    Total ROM Size (Code + RO Data + RW Data)      75048 (  73.29kB)

==============================================================================

